2025-10-24 00:12:48 [restartedMain] INFO  [UNKNOWN] c.i.s.Iso8583SimulatorApplication - Starting Iso8583SimulatorApplication using Java 21.0.6 with PID 26668 (D:\iso8583-simulator\target\classes started by FernandoRene in D:\iso8583-simulator)
2025-10-24 00:12:48 [restartedMain] DEBUG [UNKNOWN] c.i.s.Iso8583SimulatorApplication - Running with Spring Boot v3.1.2, Spring v6.0.11
2025-10-24 00:12:48 [restartedMain] INFO  [UNKNOWN] c.i.s.Iso8583SimulatorApplication - The following 1 profile is active: "dev"
2025-10-24 00:12:48 [restartedMain] INFO  [UNKNOWN] o.s.b.d.e.DevToolsPropertyDefaultsPostProcessor - Devtools property defaults active! Set 'spring.devtools.add-properties' to 'false' to disable
2025-10-24 00:12:48 [restartedMain] INFO  [UNKNOWN] o.s.b.d.e.DevToolsPropertyDefaultsPostProcessor - For additional web related logging consider setting the 'logging.level.web' property to 'DEBUG'
2025-10-24 00:12:49 [restartedMain] INFO  [UNKNOWN] o.s.b.w.e.tomcat.TomcatWebServer - Tomcat initialized with port(s): 8081 (http)
2025-10-24 00:12:49 [restartedMain] INFO  [UNKNOWN] o.a.catalina.core.StandardService - Starting service [Tomcat]
2025-10-24 00:12:49 [restartedMain] INFO  [UNKNOWN] o.a.catalina.core.StandardEngine - Starting Servlet engine: [Apache Tomcat/10.1.11]
2025-10-24 00:12:49 [restartedMain] INFO  [UNKNOWN] o.a.c.c.C.[Tomcat].[localhost].[/] - Initializing Spring embedded WebApplicationContext
2025-10-24 00:12:49 [restartedMain] INFO  [UNKNOWN] o.s.b.w.s.c.ServletWebServerApplicationContext - Root WebApplicationContext: initialization completed in 844 ms
2025-10-24 00:12:49 [restartedMain] DEBUG [UNKNOWN] o.s.w.f.ServerHttpObservationFilter - Filter 'webMvcObservationFilter' configured for use
2025-10-24 00:12:49 [restartedMain] WARN  [UNKNOWN] c.i.s.c.connection.ConnectionManager - Packager personalizado no encontrado, usando genérico: Error reading packagers/iso87ascii.xml
2025-10-24 00:12:49 [restartedMain] INFO  [UNKNOWN] c.i.s.c.connection.ConnectionManager - Packager genérico inicializado
2025-10-24 00:12:49 [restartedMain] INFO  [UNKNOWN] c.i.s.c.connection.ConnectionManager - 🏭 ConnectionManager con PSEUDO-MUX inicializado para 172.16.1.211:5105
2025-10-24 00:12:49 [restartedMain] INFO  [UNKNOWN] c.i.s.c.connection.ConnectionManager - 🔧 OutputKeys para matching: [3, 7, 11, 41]
2025-10-24 00:12:49 [restartedMain] INFO  [UNKNOWN] c.i.s.c.connection.ConnectionManager - ℹ️ Usar /api/v1/connection/connect para conectar manualmente
2025-10-24 00:12:49 [restartedMain] INFO  [UNKNOWN] c.i.s.simulator.MessageSimulator - MessageSimulator inicializado con capacidades de personalización
2025-10-24 00:12:49 [restartedMain] INFO  [UNKNOWN] o.s.b.a.e.web.EndpointLinksResolver - Exposing 5 endpoint(s) beneath base path '/actuator'
2025-10-24 00:12:49 [restartedMain] DEBUG [UNKNOWN] o.s.w.s.m.m.a.RequestMappingHandlerAdapter - ControllerAdvice beans: 0 @ModelAttribute, 0 @InitBinder, 1 RequestBodyAdvice, 1 ResponseBodyAdvice
2025-10-24 00:12:49 [restartedMain] DEBUG [UNKNOWN] o.s.w.s.m.m.a.RequestMappingHandlerMapping - 64 mappings in 'requestMappingHandlerMapping'
2025-10-24 00:12:49 [restartedMain] DEBUG [UNKNOWN] o.s.w.s.h.SimpleUrlHandlerMapping - Patterns [/webjars/**, /**, /swagger-ui*/*swagger-initializer.js, /swagger-ui*/**] in 'resourceHandlerMapping'
2025-10-24 00:12:49 [restartedMain] DEBUG [UNKNOWN] o.s.w.s.m.m.a.ExceptionHandlerExceptionResolver - ControllerAdvice beans: 1 @ExceptionHandler, 1 ResponseBodyAdvice
2025-10-24 00:12:50 [restartedMain] INFO  [UNKNOWN] o.s.b.d.a.OptionalLiveReloadServer - LiveReload server is running on port 35729
2025-10-24 00:12:50 [restartedMain] INFO  [UNKNOWN] o.s.b.w.e.tomcat.TomcatWebServer - Tomcat started on port(s): 8081 (http) with context path ''
2025-10-24 00:12:50 [restartedMain] INFO  [UNKNOWN] c.i.s.Iso8583SimulatorApplication - Started Iso8583SimulatorApplication in 1.625 seconds (process running for 1.875)
2025-10-24 00:12:50 [restartedMain] INFO  [UNKNOWN] c.i.s.Iso8583SimulatorApplication - 
----------------------------------------------------------
🚀 ISO8583 Simulator está ejecutándose!
----------------------------------------------------------
  Local:       http://localhost:8081/
  Externo:     http://192.168.0.6:8081/
  Perfil:      dev
  Swagger UI:  http://localhost:8081/swagger-ui.html
  API Docs:    http://localhost:8081/api-docs
  Health:      http://localhost:8081/api/v1/simulator/health
----------------------------------------------------------
💡 Prueba los endpoints en Swagger UI para comenzar!
----------------------------------------------------------

2025-10-24 00:13:03 [http-nio-8081-exec-1] INFO  [UNKNOWN] o.a.c.c.C.[Tomcat].[localhost].[/] - Initializing Spring DispatcherServlet 'dispatcherServlet'
2025-10-24 00:13:03 [http-nio-8081-exec-1] INFO  [UNKNOWN] o.s.web.servlet.DispatcherServlet - Initializing Servlet 'dispatcherServlet'
2025-10-24 00:13:03 [http-nio-8081-exec-1] DEBUG [UNKNOWN] o.s.web.servlet.DispatcherServlet - Detected StandardServletMultipartResolver
2025-10-24 00:13:03 [http-nio-8081-exec-1] DEBUG [UNKNOWN] o.s.web.servlet.DispatcherServlet - Detected AcceptHeaderLocaleResolver
2025-10-24 00:13:03 [http-nio-8081-exec-1] DEBUG [UNKNOWN] o.s.web.servlet.DispatcherServlet - Detected FixedThemeResolver
2025-10-24 00:13:03 [http-nio-8081-exec-1] DEBUG [UNKNOWN] o.s.web.servlet.DispatcherServlet - Detected org.springframework.web.servlet.view.DefaultRequestToViewNameTranslator@6ed597b3
2025-10-24 00:13:03 [http-nio-8081-exec-1] DEBUG [UNKNOWN] o.s.web.servlet.DispatcherServlet - Detected org.springframework.web.servlet.support.SessionFlashMapManager@53300c7e
2025-10-24 00:13:03 [http-nio-8081-exec-1] DEBUG [UNKNOWN] o.s.web.servlet.DispatcherServlet - enableLoggingRequestDetails='false': request parameters and headers will be masked to prevent unsafe logging of potentially sensitive data
2025-10-24 00:13:03 [http-nio-8081-exec-1] INFO  [UNKNOWN] o.s.web.servlet.DispatcherServlet - Completed initialization in 2 ms
2025-10-24 00:13:04 [http-nio-8081-exec-1] DEBUG [UNKNOWN] o.s.web.servlet.DispatcherServlet - GET "/swagger-ui.html", parameters={}
2025-10-24 00:13:04 [http-nio-8081-exec-1] DEBUG [UNKNOWN] o.s.w.s.m.m.a.RequestMappingHandlerMapping - Mapped to org.springdoc.webmvc.ui.SwaggerWelcomeWebMvc#redirectToUi(HttpServletRequest)
2025-10-24 00:13:04 [http-nio-8081-exec-1] DEBUG [UNKNOWN] o.s.w.s.m.m.a.HttpEntityMethodProcessor - Using 'application/json;q=0.8', given [text/html, application/xhtml+xml, image/avif, image/webp, image/apng, application/xml;q=0.9, */*;q=0.8, application/signed-exchange;v=b3;q=0.7] and supported [application/json, application/*+json]
2025-10-24 00:13:04 [http-nio-8081-exec-1] DEBUG [UNKNOWN] o.s.w.s.m.m.a.HttpEntityMethodProcessor - Nothing to write: null body
2025-10-24 00:13:04 [http-nio-8081-exec-1] DEBUG [UNKNOWN] o.s.web.servlet.DispatcherServlet - Completed 302 FOUND
2025-10-24 00:13:04 [http-nio-8081-exec-3] DEBUG [UNKNOWN] o.s.web.servlet.DispatcherServlet - GET "/swagger-ui/swagger-initializer.js", parameters={}
2025-10-24 00:13:04 [http-nio-8081-exec-3] DEBUG [UNKNOWN] o.s.w.s.h.SimpleUrlHandlerMapping - Mapped to ResourceHttpRequestHandler [classpath [META-INF/resources/webjars/]]
2025-10-24 00:13:04 [http-nio-8081-exec-3] DEBUG [UNKNOWN] o.s.web.servlet.DispatcherServlet - Completed 200 OK
2025-10-24 00:13:04 [http-nio-8081-exec-6] DEBUG [UNKNOWN] o.s.web.servlet.DispatcherServlet - GET "/api-docs/swagger-config", parameters={}
2025-10-24 00:13:04 [http-nio-8081-exec-6] DEBUG [UNKNOWN] o.s.w.s.m.m.a.RequestMappingHandlerMapping - Mapped to org.springdoc.webmvc.ui.SwaggerConfigResource#openapiJson(HttpServletRequest)
2025-10-24 00:13:04 [http-nio-8081-exec-6] DEBUG [UNKNOWN] o.s.w.s.m.m.a.RequestResponseBodyMethodProcessor - Using 'application/json', given [*/*] and supported [application/json]
2025-10-24 00:13:04 [http-nio-8081-exec-6] DEBUG [UNKNOWN] o.s.w.s.m.m.a.RequestResponseBodyMethodProcessor - Writing [{configUrl=/api-docs/swagger-config, oauth2RedirectUrl=http://localhost:8081/swagger-ui/oauth2-redir (truncated)...]
2025-10-24 00:13:04 [http-nio-8081-exec-6] DEBUG [UNKNOWN] o.s.web.servlet.DispatcherServlet - Completed 200 OK
2025-10-24 00:13:04 [http-nio-8081-exec-4] DEBUG [UNKNOWN] o.s.web.servlet.DispatcherServlet - GET "/api-docs", parameters={}
2025-10-24 00:13:04 [http-nio-8081-exec-4] DEBUG [UNKNOWN] o.s.w.s.m.m.a.RequestMappingHandlerMapping - Mapped to org.springdoc.webmvc.api.OpenApiWebMvcResource#openapiJson(HttpServletRequest, String, Locale)
2025-10-24 00:13:05 [http-nio-8081-exec-4] INFO  [UNKNOWN] o.s.api.AbstractOpenApiResource - Init duration for springdoc-openapi is: 324 ms
2025-10-24 00:13:05 [http-nio-8081-exec-4] DEBUG [UNKNOWN] o.s.w.s.m.m.a.RequestResponseBodyMethodProcessor - Using 'application/json', given [application/json, */*] and supported [application/json]
2025-10-24 00:13:05 [http-nio-8081-exec-4] DEBUG [UNKNOWN] o.s.w.s.m.m.a.RequestResponseBodyMethodProcessor - Writing [{123, 34, 111, 112, 101, 110, 97, 112, 105, 34, 58, 34, 51, 46, 48, 46, 49, 34, 44, 34, 105, 110, 10 (truncated)...]
2025-10-24 00:13:05 [http-nio-8081-exec-4] DEBUG [UNKNOWN] o.s.web.servlet.DispatcherServlet - Completed 200 OK
2025-10-24 00:13:08 [http-nio-8081-exec-2] DEBUG [UNKNOWN] o.s.web.servlet.DispatcherServlet - GET "/", parameters={}
2025-10-24 00:13:08 [http-nio-8081-exec-2] DEBUG [UNKNOWN] o.s.w.s.h.SimpleUrlHandlerMapping - Mapped to ResourceHttpRequestHandler [classpath [static/web/], ServletContext [/]]
2025-10-24 00:13:08 [http-nio-8081-exec-2] DEBUG [UNKNOWN] o.s.w.s.r.ResourceHttpRequestHandler - Resource not found
2025-10-24 00:13:08 [http-nio-8081-exec-2] DEBUG [UNKNOWN] o.s.web.servlet.DispatcherServlet - Completed 404 NOT_FOUND
2025-10-24 00:13:08 [http-nio-8081-exec-2] DEBUG [UNKNOWN] o.s.web.servlet.DispatcherServlet - "ERROR" dispatch for GET "/error", parameters={}
2025-10-24 00:13:08 [http-nio-8081-exec-2] DEBUG [UNKNOWN] o.s.w.s.m.m.a.RequestMappingHandlerMapping - Mapped to org.springframework.boot.autoconfigure.web.servlet.error.BasicErrorController#errorHtml(HttpServletRequest, HttpServletResponse)
2025-10-24 00:13:08 [http-nio-8081-exec-2] DEBUG [UNKNOWN] o.s.w.s.v.ContentNegotiatingViewResolver - Selected 'text/html' given [text/html, text/html;q=0.8]
2025-10-24 00:13:08 [http-nio-8081-exec-2] DEBUG [UNKNOWN] o.s.web.servlet.DispatcherServlet - Exiting from "ERROR" dispatch, status 404
2025-10-24 00:13:09 [http-nio-8081-exec-9] DEBUG [UNKNOWN] o.s.web.servlet.DispatcherServlet - GET "/favicon.ico", parameters={}
2025-10-24 00:13:09 [http-nio-8081-exec-9] DEBUG [UNKNOWN] o.s.w.s.h.SimpleUrlHandlerMapping - Mapped to ResourceHttpRequestHandler [classpath [static/web/], ServletContext [/]]
2025-10-24 00:13:09 [http-nio-8081-exec-9] DEBUG [UNKNOWN] o.s.w.s.r.ResourceHttpRequestHandler - Resource not found
2025-10-24 00:13:09 [http-nio-8081-exec-9] DEBUG [UNKNOWN] o.s.web.servlet.DispatcherServlet - Completed 404 NOT_FOUND
2025-10-24 00:13:09 [http-nio-8081-exec-9] DEBUG [UNKNOWN] o.s.web.servlet.DispatcherServlet - "ERROR" dispatch for GET "/error", parameters={}
2025-10-24 00:13:09 [http-nio-8081-exec-9] DEBUG [UNKNOWN] o.s.w.s.m.m.a.RequestMappingHandlerMapping - Mapped to org.springframework.boot.autoconfigure.web.servlet.error.BasicErrorController#error(HttpServletRequest)
2025-10-24 00:13:09 [http-nio-8081-exec-9] DEBUG [UNKNOWN] o.s.w.s.m.m.a.HttpEntityMethodProcessor - Using 'application/json;q=0.8', given [image/avif, image/webp, image/apng, image/svg+xml, image/*, */*;q=0.8] and supported [application/json, application/*+json]
2025-10-24 00:13:09 [http-nio-8081-exec-9] DEBUG [UNKNOWN] o.s.w.s.m.m.a.HttpEntityMethodProcessor - Writing [{timestamp=Fri Oct 24 00:13:09 BOT 2025, status=404, error=Not Found, message=No message available,  (truncated)...]
2025-10-24 00:13:09 [http-nio-8081-exec-9] DEBUG [UNKNOWN] o.s.web.servlet.DispatcherServlet - Exiting from "ERROR" dispatch, status 404
2025-10-24 00:18:10 [http-nio-8081-exec-1] DEBUG [UNKNOWN] o.s.web.servlet.DispatcherServlet - GET "/api/v1/transactions/ready", parameters={}
2025-10-24 00:18:10 [http-nio-8081-exec-1] DEBUG [UNKNOWN] o.s.w.s.m.m.a.RequestMappingHandlerMapping - Mapped to com.iso8583.simulator.web.controller.TransactionController#isReady()
2025-10-24 00:18:10 [http-nio-8081-exec-1] DEBUG [UNKNOWN] o.s.w.s.m.m.a.HttpEntityMethodProcessor - Using 'application/json', given [*/*] and supported [application/json, application/*+json]
2025-10-24 00:18:10 [http-nio-8081-exec-1] DEBUG [UNKNOWN] o.s.w.s.m.m.a.HttpEntityMethodProcessor - Writing [{message=Servicio no disponible - verificar conexión, ready=false}]
2025-10-24 00:18:10 [http-nio-8081-exec-1] DEBUG [UNKNOWN] o.s.web.servlet.DispatcherServlet - Completed 200 OK
